1 1 1 X X S _ _ _ _ 0 0 0 0 0 + 0 0 0 0 _ _ _ _ R X X 4 4 4
1 1 _ _ X X B X _ _ 0 0 0 0 0 0 0 0 0 0 _ _ X B X X _ _ 4 4
1 _ _ _ _ X X X _ _ 0 0 X _ X X _ X 0 0 _ _ X X X _ _ _ _ 4
X _ _ _ _ _ X X _ _ 0 0 X _ _ _ _ X 0 0 _ _ X X _ _ _ _ _ X
X X _ _ _ _ _ X X _ 0 0 X _ _ G _ X 0 0 _ X X _ _ _ _ D X X
R X X _ _ _ _ _ X X 0 0 X _ _ _ _ X 0 0 X X _ _ _ _ _ X X Q
_ B X X D _ _ _ _ X X _ _ _ _ _ _ _ _ X X _ _ _ _ _ X X B _
_ X X X X _ _ _ _ _ X X _ _ X X _ _ X X _ _ _ _ _ X X X X _
_ _ _ _ X X _ _ _ _ _ X X _ _ _ _ X X _ _ _ _ _ X X _ _ _ _
_ _ _ _ _ X X _ _ _ _ _ X X _ _ X X _ _ _ _ _ X X _ _ _ _ _
0 0 0 0 0 0 X X _ _ _ _ _ X _ _ X _ _ _ _ _ X X 0 0 0 0 0 0
0 0 0 0 0 0 _ X X _ _ A _ _ _ _ _ _ A _ _ X X _ 0 0 0 0 0 0
0 0 X X X X _ _ X X _ _ + _ _ _ _ + _ _ X X _ _ X X X X 0 0
0 0 _ _ _ _ _ _ _ X X _ _ _ _ _ _ _ _ X X _ _ _ _ _ _ _ 0 0
0 0 X _ G _ + X _ _ _ _ _ I X X _ _ _ _ _ _ X _ _ _ _ X 0 +
+ 0 X _ _ _ _ X _ _ _ _ _ _ X X _ _ _ _ _ _ X _ _ G _ X 0 0
0 0 _ _ _ _ _ _ _ X X _ _ _ _ _ _ _ _ X X _ _ _ _ _ _ _ 0 0
0 0 X X X X _ _ X X _ _ + _ _ _ _ + _ _ X X _ _ X X X X 0 0
0 0 0 0 0 0 _ X X _ _ A _ _ _ _ _ _ A _ _ X X _ 0 0 0 0 0 0
0 0 0 0 0 0 X X _ _ _ _ _ X _ _ X _ _ _ _ _ X X 0 0 0 0 0 0
_ _ _ _ _ X X _ _ _ _ _ X X _ _ X X _ _ _ _ _ X X _ _ _ _ _
_ _ _ _ X X _ _ _ _ _ X X _ _ _ _ X X _ _ _ _ _ X X _ _ _ _
_ X X X X _ _ _ _ _ X X _ _ X X _ _ X X _ _ _ _ _ X X X X _
_ B X X _ _ _ _ _ X X _ _ _ _ _ _ _ _ X X _ _ _ _ D X X B _
S X X _ _ _ _ _ X X 0 0 X _ _ _ _ X 0 0 X X _ _ _ _ _ X X R
X X _ _ _ _ _ X X _ 0 0 X _ G _ _ X 0 0 _ X X _ _ _ _ _ X X
X _ _ _ _ _ X X _ _ 0 0 X _ _ _ _ X 0 0 _ _ X X _ _ _ _ _ X
3 _ _ _ D X X X _ _ 0 0 X _ X X _ X 0 0 _ _ X X X _ _ _ _ 2
3 3 _ _ X X B X _ _ 0 0 0 0 0 0 0 0 0 0 _ _ X B X X _ _ 2 2
3 3 3 X X R _ _ _ _ 0 0 0 0 + 0 0 0 0 0 _ _ _ _ S X X 2 2 2