5 5 5 5 5 5 5 5 5 5 5 5 5 5 5 5 5 5 5 5 5 5 5 5 5 5 5 5 5 5
5 _ _ _ _ _ _ X X X X X X X _ _ _ _ _ _ _ _ _ _ _ _ _ _ _ 5
5 _ _ _ _ _ _ X 1 1 1 1 1 X _ _ _ _ _ _ F F _ _ _ _ _ _ _ 5
5 _ _ _ _ _ _ X 1 1 1 1 1 X _ _ _ _ _ _ _ _ _ _ _ _ _ _ _ 5
5 _ _ _ _ _ _ X _ _ _ _ X X _ _ _ _ _ _ _ _ _ _ _ _ _ _ _ 5
5 _ S S _ _ _ X X X _ _ G X _ _ _ _ _ _ _ _ _ _ _ _ _ _ _ 5
5 _ _ _ _ _ _ X G _ _ _ G X _ _ _ _ _ _ _ X _ _ _ _ _ _ _ 5
5 _ _ _ _ _ _ X G _ _ X X X X X _ _ X X X X X X X _ X X _ 5
5 _ _ _ _ _ _ X G _ _ X G G G X X X X G G G G X G _ G X _ 5
5 _ _ _ _ _ _ X G _ _ _ _ _ _ G G G G _ _ _ _ _ _ _ X X _ 5
5 _ _ _ _ _ _ X G _ _ _ _ _ _ _ _ _ _ _ _ _ _ _ _ _ X _ _ 5
5 X X X X X X X _ _ H H _ _ _ X _ _ _ _ _ _ 1 2 _ _ X _ _ 5
5 _ X 4 4 4 4 4 _ _ H H 3 4 _ X X X X _ _ _ 3 4 _ _ X _ _ 5
5 _ X X 4 4 4 4 _ _ _ _ 1 2 _ _ _ _ X X _ _ _ _ _ _ X X _ 5
5 _ _ X X 4 G G X G _ _ _ _ _ _ _ _ _ X _ _ _ _ _ _ _ X _ 5
5 _ _ _ X G X X X G _ _ _ _ _ _ _ _ _ X X _ _ _ _ _ _ X X 5
5 _ _ _ X X X _ X G _ _ _ _ X X _ _ _ _ X X _ _ _ _ _ X X 5
5 _ _ _ _ X _ _ X X G _ _ _ _ X _ _ _ _ _ X X _ _ X X X _ 5
5 _ _ _ _ _ _ _ _ _ G _ _ _ _ X X X _ _ _ _ X _ X X _ _ _ 5
5 _ _ _ _ _ _ _ _ _ G G _ _ _ _ _ X _ _ R S X _ X _ _ _ _ 5
5 _ _ _ _ _ _ _ _ _ X X G _ _ _ _ X _ F X X X _ _ _ _ _ _ 5
5 _ _ _ _ _ _ _ _ _ _ X G X _ _ _ X X X X _ _ 1 2 _ _ _ _ 5
5 B B _ _ _ _ _ _ _ _ X X X _ _ _ 2 X X _ _ _ 3 4 _ _ _ _ 5
5 A A _ _ _ _ _ _ _ _ X G _ _ _ _ 2 X _ _ _ _ _ _ _ _ _ _ 5
5 3 3 3 3 3 _ _ _ _ _ X X 2 2 2 2 X X _ _ _ _ _ _ _ _ _ _ 5
5 3 3 3 3 3 _ _ _ _ _ _ X X 2 2 X X _ _ _ _ _ _ R R _ _ _ 5
5 3 3 3 3 3 _ _ _ _ _ _ _ X 2 2 X _ _ _ _ _ _ _ _ _ _ _ _ 5
5 3 3 3 3 3 _ _ _ _ _ _ _ X X X X _ _ _ _ _ _ _ _ _ _ _ _ 5
5 3 3 3 3 3 _ _ _ _ _ _ _ _ _ _ _ _ _ _ _ _ _ _ _ _ _ _ _ 5
5 5 5 5 5 5 5 5 5 5 5 5 5 5 5 5 5 5 5 5 5 5 5 5 5 5 5 5 5 5