1 X _ _ _ _ _ _ _ _ _ _ _ _ _ _ _ _ _ _ _ _ _ _ _ _ 4 4 4 4
1 X _ X X X X X X X X X X X X X X X X X X X X X X X X X X X
1 X _ X _ _ _ _ _ _ _ _ _ _ _ _ _ _ _ _ _ _ _ _ _ _ _ _ _ _
1 X _ X _ X X X X X X X X X X X X X X X X X X X X X X X X _
_ X _ X _ X _ _ _ _ _ _ _ _ _ _ _ _ _ _ _ _ _ _ _ _ _ _ X _
_ X _ X _ X _ X X X X X X X X X X X X X X X X X X X X _ X _
_ X _ X _ X _ X _ _ _ _ _ _ _ _ _ _ _ _ _ _ _ _ _ _ X _ X _
_ X _ X _ X _ X _ X X X X X X X X X X X X X X X X _ X _ X _
_ X _ X _ X _ X _ X _ _ _ _ _ _ _ _ _ _ _ _ _ _ X _ X _ X _
_ X _ X _ X _ X _ X _ X X X X X X X X X X X X _ X _ X _ X _
_ X _ X _ X _ X _ X _ X _ _ _ _ _ _ _ _ _ _ X _ X _ X _ X _
_ X _ X _ X _ X _ X _ X A X X X X X X X X _ X _ X _ X _ X _
_ X _ X _ X _ X _ X _ X _ _ _ _ _ _ A _ X _ X _ X _ X _ X _
_ X _ X _ X _ X _ X _ X _ _ _ _ _ _ X _ X _ X _ X _ X _ X _
_ X _ X _ X _ X _ X _ X _ _ R G _ _ X _ X _ X _ X _ X _ X _
_ X _ X _ X _ X _ X _ X _ _ G R _ _ X _ X _ X _ X _ X _ X _
_ X _ X _ X _ X _ X _ X _ _ _ _ _ _ X _ X _ X _ X _ X _ X _
_ X _ X _ X _ X _ X _ A _ _ _ _ _ _ X _ X _ X _ X _ X _ X _
_ X _ X _ X _ X _ X X X X X X X X A X _ X _ X _ X _ X _ X _
_ X _ X _ X _ X _ _ _ _ _ _ _ _ _ _ X _ X _ X _ X _ X _ X _
_ X _ X _ X _ X X X X X X X X X X X X _ X _ X _ X _ X _ X _
_ X _ X _ X _ _ _ _ _ _ _ _ _ _ _ _ _ _ X _ X _ X _ X _ X _
_ X _ X _ X X X X X X X X X X X X X X X X _ X _ X _ X _ X _
_ X _ X _ _ _ _ _ _ _ _ _ _ _ _ _ _ _ _ _ _ X _ X _ X _ X _
_ X _ X X X X X X X X X X X X X X X X X X X X _ X _ X _ X _
_ X _ _ _ _ _ _ _ _ _ _ _ _ _ _ _ _ _ _ _ _ _ _ X _ X _ X _
_ X X X X X X X X X X X X X X X X X X X X X X X X _ X _ X 2
_ _ _ _ _ _ _ _ _ _ _ _ _ _ _ _ _ _ _ _ _ _ _ _ _ _ X _ X 2
X X X X X X X X X X X X X X X X X X X X X X X X X X X _ X 2
3 3 3 3 _ _ _ _ _ _ _ _ _ _ _ _ _ _ _ _ _ _ _ _ _ _ _ _ X 2