1 _ _ _ _ _ _ _ _ _ _ _ _ _ X _ _ _ _ 2 _ _ _ _ _ _ _ _ _ _
_ _ _ _ _ _ _ _ _ _ _ _ _ _ X _ _ _ _ _ _ _ _ _ _ _ _ _ _ _
_ _ _ _ _ _ _ X X X X X X X X _ _ _ _ _ _ _ _ _ _ _ _ _ _ _
_ _ _ _ _ _ _ _ _ X X X X X _ _ _ _ _ _ _ _ _ _ _ _ _ _ _ _
_ _ _ _ _ _ _ _ _ _ _ _ _ _ _ _ _ _ _ _ _ _ _ _ _ _ _ _ _ _
1 _ X _ _ _ _ _ _ _ _ _ _ _ _ _ _ _ _ 2 _ _ _ _ _ _ _ _ _ _
_ _ X _ _ X X X X X X X X X _ _ _ _ _ _ _ _ _ _ _ _ _ _ _ _
_ _ X _ _ _ _ _ _ _ _ _ _ X _ _ _ _ _ _ _ _ _ _ _ _ _ _ _ _
_ _ _ _ _ X _ _ R A _ _ _ X _ _ _ _ _ _ _ _ _ _ _ _ _ _ _ _
_ _ _ _ _ X _ _ _ _ _ _ _ _ _ _ _ _ _ _ _ _ _ _ _ _ _ _ _ _
1 _ _ _ _ X X X X X X X X X _ _ _ _ _ 2 _ _ _ _ _ _ _ _ _ _
_ _ _ _ _ _ _ _ _ _ _ _ _ _ _ _ _ _ _ _ _ _ _ _ _ _ _ _ _ _
_ _ _ _ _ _ _ _ _ _ _ _ _ _ _ _ _ _ _ _ _ _ _ _ _ _ _ _ _ _
1 _ _ _ _ _ _ _ X X X X X _ _ _ _ _ _ 2 _ _ _ _ _ _ _ _ _ _
_ _ _ _ _ _ _ _ X _ _ _ _ _ _ _ _ _ _ _ _ _ _ _ _ _ _ _ _ _
_ _ _ _ _ _ _ _ X _ _ _ _ _ _ _ X _ _ _ _ _ _ _ _ _ _ _ _ _
_ _ _ _ _ _ _ _ _ _ _ _ _ _ _ _ X _ _ _ _ _ _ _ _ _ _ _ _ _
_ _ _ _ _ _ X X X X X X _ _ _ _ X _ _ _ _ _ _ _ _ _ _ _ _ _
_ _ _ _ _ _ _ _ _ _ _ _ _ _ _ _ _ _ _ _ _ _ _ _ _ _ _ _ _ _
1 _ _ _ _ _ X X X X X X _ _ _ _ _ _ _ 2 _ _ _ _ _ _ _ _ _ _
1 _ _ _ _ _ _ _ _ _ _ _ _ _ X _ _ _ _ 2 _ _ _ _ _ _ _ _ _ _
_ _ _ _ _ _ _ _ _ _ _ _ _ _ X _ _ _ _ _ _ _ _ _ _ _ _ _ _ _
_ _ _ _ _ _ _ X X X X X X X X _ _ _ _ _ _ _ _ _ _ _ _ _ _ _
_ _ _ _ _ _ _ _ _ X X X X X _ _ _ _ _ _ _ _ _ _ _ _ _ _ _ _
_ _ _ _ _ _ _ _ _ _ _ _ _ _ _ _ _ _ _ _ _ _ _ _ _ _ _ _ _ _
1 _ X _ _ _ _ _ _ _ _ _ _ _ _ _ _ _ _ 2 _ _ _ _ _ _ _ _ _ _
_ _ X _ _ X X X X X X X X X _ _ _ _ _ _ _ _ _ _ _ _ _ _ _ _
_ _ X _ _ _ _ _ _ _ _ _ _ X _ _ _ _ _ _ _ _ _ _ _ _ _ _ _ _
_ _ _ _ _ X _ _ R A _ _ _ X _ _ _ _ _ _ _ _ _ _ _ _ _ _ _ _
_ _ _ _ _ X _ _ _ _ _ _ _ _ _ _ _ _ _ _ _ _ _ _ _ _ _ _ _ _